[    0.000000] Initializing cgroup subsys cpuset
[    0.000000] Initializing cgroup subsys cpu
[    0.000000] Linux version 2.6.35-22-generic (buildd@allspice) (gcc version 4.4.5 (Ubuntu/Linaro 4.4.4-14ubuntu4) ) #33-Ubuntu SMP Sun Sep 19 20:32:27 UTC 2010 (Ubuntu 2.6.35-22.33-generic 2.6.35.4)
[    0.000000] Command line: BOOT_IMAGE=/boot/vmlinuz-2.6.35-22-generic root=UUID=92401c2e-8bd3-4555-a5ce-87fc5902be2b ro quiet splash
[    0.000000] BIOS-provided physical RAM map:
[    0.000000]  BIOS-e820: 0000000000000000 - 00000000000a0000 (usable)
[    0.000000]  BIOS-e820: 0000000000100000 - 000000001d135000 (usable)
[    0.000000]  BIOS-e820: 000000001d135000 - 000000001d147000 (ACPI data)
[    0.000000]  BIOS-e820: 000000001d147000 - 000000001d15d000 (unusable)
[    0.000000]  BIOS-e820: 000000001d15d000 - 000000001d172000 (reserved)
[    0.000000]  BIOS-e820: 000000001d172000 - 000000001f2f2000 (usable)
[    0.000000]  BIOS-e820: 000000001f2f2000 - 000000001f322000 (unusable)
[    0.000000]  BIOS-e820: 000000001f322000 - 000000001f34a000 (reserved)
[    0.000000]  BIOS-e820: 000000001f34a000 - 000000001f352000 (ACPI data)
[    0.000000]  BIOS-e820: 000000001f352000 - 000000001f356000 (ACPI NVS)
[    0.000000]  BIOS-e820: 000000001f356000 - 000000001f7bf000 (usable)
[    0.000000]  BIOS-e820: 000000001f7bf000 - 000000001f7df000 (reserved)
[    0.000000]  BIOS-e820: 000000001f7df000 - 000000001f7e0000 (usable)
[    0.000000] NX (Execute Disable) protection: active
[    0.000000] EFI v2.31 by EDK II
[    0.000000]  SMBIOS=0x1f349000  ACPI=0x1f351000  ACPI 2.0=0x1f351014 
[    0.000000] Kernel-defined memdesc doesn't match the one from EFI!
[    0.000000] EFI: mem00: type=7, attr=0xf, range=[0x0000000000000000-0x000000000008c000) (0MB)
[    0.000000] EFI: mem01: type=2, attr=0xf, range=[0x000000000008c000-0x0000000000090000) (0MB)
[    0.000000] EFI: mem02: type=7, attr=0xf, range=[0x0000000000090000-0x00000000000a0000) (0MB)
[    0.000000] EFI: mem03: type=2, attr=0xf, range=[0x0000000000100000-0x0000000000521000) (4MB)
[    0.000000] EFI: mem04: type=7, attr=0xf, range=[0x0000000000521000-0x0000000000800000) (2MB)
[    0.000000] EFI: mem05: type=4, attr=0xf, range=[0x0000000000800000-0x0000000000d00000) (5MB)
[    0.000000] EFI: mem06: type=7, attr=0xf, range=[0x0000000000d00000-0x000000001470d000) (314MB)
[    0.000000] EFI: mem07: type=2, attr=0xf, range=[0x000000001470d000-0x000000001b7e0000) (112MB)
[    0.000000] EFI: mem08: type=4, attr=0xf, range=[0x000000001b7e0000-0x000000001b800000) (0MB)
[    0.000000] EFI: mem09: type=7, attr=0xf, range=[0x000000001b800000-0x000000001bec4000) (6MB)
[    0.000000] EFI: mem10: type=2, attr=0xf, range=[0x000000001bec4000-0x000000001c945000) (10MB)
[    0.000000] EFI: mem11: type=1, attr=0xf, range=[0x000000001c945000-0x000000001c964000) (0MB)
[    0.000000] EFI: mem12: type=4, attr=0xf, range=[0x000000001c964000-0x000000001c9b0000) (0MB)
[    0.000000] EFI: mem13: type=7, attr=0xf, range=[0x000000001c9b0000-0x000000001c9d8000) (0MB)
[    0.000000] EFI: mem14: type=4, attr=0xf, range=[0x000000001c9d8000-0x000000001c9dd000) (0MB)
[    0.000000] EFI: mem15: type=7, attr=0xf, range=[0x000000001c9dd000-0x000000001c9df000) (0MB)
[    0.000000] EFI: mem16: type=2, attr=0xf, range=[0x000000001c9df000-0x000000001c9e0000) (0MB)
[    0.000000] EFI: mem17: type=7, attr=0xf, range=[0x000000001c9e0000-0x000000001c9e1000) (0MB)
[    0.000000] EFI: mem18: type=4, attr=0xf, range=[0x000000001c9e1000-0x000000001c9e2000) (0MB)
[    0.000000] EFI: mem19: type=2, attr=0xf, range=[0x000000001c9e2000-0x000000001c9f0000) (0MB)
[    0.000000] EFI: mem20: type=4, attr=0xf, range=[0x000000001c9f0000-0x000000001c9f1000) (0MB)
[    0.000000] EFI: mem21: type=2, attr=0xf, range=[0x000000001c9f1000-0x000000001c9fc000) (0MB)
[    0.000000] EFI: mem22: type=4, attr=0xf, range=[0x000000001c9fc000-0x000000001caba000) (0MB)
[    0.000000] EFI: mem23: type=1, attr=0xf, range=[0x000000001caba000-0x000000001cb77000) (0MB)
[    0.000000] EFI: mem24: type=4, attr=0xf, range=[0x000000001cb77000-0x000000001d02d000) (4MB)
[    0.000000] EFI: mem25: type=3, attr=0xf, range=[0x000000001d02d000-0x000000001d135000) (1MB)
[    0.000000] EFI: mem26: type=9, attr=0xf, range=[0x000000001d135000-0x000000001d147000) (0MB)
[    0.000000] EFI: mem27: type=5, attr=0x800000000000000f, range=[0x000000001d147000-0x000000001d15d000) (0MB)
[    0.000000] EFI: mem28: type=6, attr=0x800000000000000f, range=[0x000000001d15d000-0x000000001d172000) (0MB)
[    0.000000] EFI: mem29: type=4, attr=0xf, range=[0x000000001d172000-0x000000001f172000) (32MB)
[    0.000000] EFI: mem30: type=7, attr=0xf, range=[0x000000001f172000-0x000000001f174000) (0MB)
[    0.000000] EFI: mem31: type=3, attr=0xf, range=[0x000000001f174000-0x000000001f2f2000) (1MB)
[    0.000000] EFI: mem32: type=5, attr=0x800000000000000f, range=[0x000000001f2f2000-0x000000001f322000) (0MB)
[    0.000000] EFI: mem33: type=6, attr=0x800000000000000f, range=[0x000000001f322000-0x000000001f346000) (0MB)
[    0.000000] EFI: mem34: type=0, attr=0xf, range=[0x000000001f346000-0x000000001f34a000) (0MB)
[    0.000000] EFI: mem35: type=9, attr=0xf, range=[0x000000001f34a000-0x000000001f352000) (0MB)
[    0.000000] EFI: mem36: type=10, attr=0xf, range=[0x000000001f352000-0x000000001f356000) (0MB)
[    0.000000] EFI: mem37: type=4, attr=0xf, range=[0x000000001f356000-0x000000001f7bf000) (4MB)
[    0.000000] EFI: mem38: type=6, attr=0x800000000000000f, range=[0x000000001f7bf000-0x000000001f7df000) (0MB)
[    0.000000] EFI: mem39: type=4, attr=0xf, range=[0x000000001f7df000-0x000000001f7e0000) (0MB)
[    0.000000] DMI present.
[    0.000000] e820 update range: 0000000000000000 - 0000000000001000 (usable) ==> (reserved)
[    0.000000] e820 remove range: 00000000000a0000 - 0000000000100000 (usable)
[    0.000000] No AGP bridge found
[    0.000000] last_pfn = 0x1f7e0 max_arch_pfn = 0x400000000
[    0.000000] MTRR default type: write-back
[    0.000000] MTRR fixed ranges enabled:
[    0.000000]   00000-9FFFF write-back
[    0.000000]   A0000-BFFFF write-combining
[    0.000000]   C0000-FFFFF write-back
[    0.000000] MTRR variable ranges enabled:
[    0.000000]   0 base 0F0000000 mask FF8000000 uncachable
[    0.000000]   1 base 0F8000000 mask FFC000000 uncachable
[    0.000000]   2 disabled
[    0.000000]   3 disabled
[    0.000000]   4 disabled
[    0.000000]   5 disabled
[    0.000000]   6 disabled
[    0.000000]   7 disabled
[    0.000000] x86 PAT enabled: cpu 0, old 0x7040600070406, new 0x7010600070106
[    0.000000] e820 update range: 0000000000001000 - 0000000000010000 (usable) ==> (reserved)
[    0.000000] Scanning 1 areas for low memory corruption
[    0.000000] modified physical RAM map:
[    0.000000]  modified: 0000000000000000 - 0000000000010000 (reserved)
[    0.000000]  modified: 0000000000010000 - 00000000000a0000 (usable)
[    0.000000]  modified: 0000000000100000 - 000000001d135000 (usable)
[    0.000000]  modified: 000000001d135000 - 000000001d147000 (ACPI data)
[    0.000000]  modified: 000000001d147000 - 000000001d15d000 (unusable)
[    0.000000]  modified: 000000001d15d000 - 000000001d172000 (reserved)
[    0.000000]  modified: 000000001d172000 - 000000001f2f2000 (usable)
[    0.000000]  modified: 000000001f2f2000 - 000000001f322000 (unusable)
[    0.000000]  modified: 000000001f322000 - 000000001f34a000 (reserved)
[    0.000000]  modified: 000000001f34a000 - 000000001f352000 (ACPI data)
[    0.000000]  modified: 000000001f352000 - 000000001f356000 (ACPI NVS)
[    0.000000]  modified: 000000001f356000 - 000000001f7bf000 (usable)
[    0.000000]  modified: 000000001f7bf000 - 000000001f7df000 (reserved)
[    0.000000]  modified: 000000001f7df000 - 000000001f7e0000 (usable)
[    0.000000] initial memory mapped : 0 - 20000000
[    0.000000] init_memory_mapping: 0000000000000000-000000001f7e0000
[    0.000000]  0000000000 - 001f600000 page 2M
[    0.000000]  001f600000 - 001f7e0000 page 4k
[    0.000000] kernel direct mapping tables up to 1f7e0000 @ 16000-19000
[    0.000000] RAMDISK: 1bec4000 - 1c945000
[    0.000000] ACPI: RSDP 000000001f351014 00024 (v02    Xen)
[    0.000000] ACPI: XSDT 000000001f3500e8 00054 (v01    Xen      HVM 00000000      01000013)
[    0.000000] ACPI: FACP 000000001f34f000 000F4 (v04    Xen      HVM 00000000 HVML 00000000)
[    0.000000] ACPI: DSDT 000000001d135000 1138D (v02    Xen      HVM 00000000 INTL 20090521)
[    0.000000] ACPI: FACS 000000001f355000 00040
[    0.000000] ACPI: APIC 000000001f34e000 00460 (v02    Xen      HVM 00000000 HVML 00000000)
[    0.000000] ACPI: HPET 000000001f34d000 00038 (v01    Xen      HVM 00000000 HVML 00000000)
[    0.000000] ACPI: WAET 000000001f34c000 00028 (v01    Xen      HVM 00000000 HVML 00000000)
[    0.000000] ACPI: SSDT 000000001f34b000 00031 (v02    Xen      HVM 00000000 INTL 20090521)
[    0.000000] ACPI: SSDT 000000001f34a000 00031 (v02    Xen      HVM 00000000 INTL 20090521)
[    0.000000] ACPI: Local APIC address 0xfee00000
[    0.000000] No NUMA configuration found
[    0.000000] Faking a node at 0000000000000000-000000001f7e0000
[    0.000000] Initmem setup node 0 0000000000000000-000000001f7e0000
[    0.000000]   NODE_DATA [0000000001d18100 - 0000000001d1d0ff]
[    0.000000]  [ffffea0000000000-ffffea00007fffff] PMD -> [ffff880002600000-ffff880002dfffff] on node 0
[    0.000000] Zone PFN ranges:
[    0.000000]   DMA      0x00000010 -> 0x00001000
[    0.000000]   DMA32    0x00001000 -> 0x00100000
[    0.000000]   Normal   empty
[    0.000000] Movable zone start PFN for each node
[    0.000000] early_node_map[5] active PFN ranges
[    0.000000]     0: 0x00000010 -> 0x000000a0
[    0.000000]     0: 0x00000100 -> 0x0001d135
[    0.000000]     0: 0x0001d172 -> 0x0001f2f2
[    0.000000]     0: 0x0001f356 -> 0x0001f7bf
[    0.000000]     0: 0x0001f7df -> 0x0001f7e0
[    0.000000] On node 0 totalpages: 128687
[    0.000000]   DMA zone: 56 pages used for memmap
[    0.000000]   DMA zone: 0 pages reserved
[    0.000000]   DMA zone: 3928 pages, LIFO batch:0
[    0.000000]   DMA32 zone: 1708 pages used for memmap
[    0.000000]   DMA32 zone: 122995 pages, LIFO batch:31
[    0.000000] ACPI: PM-Timer IO Port: 0xb008
[    0.000000] ACPI: Local APIC address 0xfee00000
[    0.000000] ACPI: LAPIC (acpi_id[0x00] lapic_id[0x00] enabled)
[    0.000000] ACPI: LAPIC (acpi_id[0x01] lapic_id[0x02] disabled)
[    0.000000] ACPI: LAPIC (acpi_id[0x02] lapic_id[0x04] disabled)
[    0.000000] ACPI: LAPIC (acpi_id[0x03] lapic_id[0x06] disabled)
[    0.000000] ACPI: LAPIC (acpi_id[0x04] lapic_id[0x08] disabled)
[    0.000000] ACPI: LAPIC (acpi_id[0x05] lapic_id[0x0a] disabled)
[    0.000000] ACPI: LAPIC (acpi_id[0x06] lapic_id[0x0c] disabled)
[    0.000000] ACPI: LAPIC (acpi_id[0x07] lapic_id[0x0e] disabled)
[    0.000000] ACPI: LAPIC (acpi_id[0x08] lapic_id[0x10] disabled)
[    0.000000] ACPI: LAPIC (acpi_id[0x09] lapic_id[0x12] disabled)
[    0.000000] ACPI: LAPIC (acpi_id[0x0a] lapic_id[0x14] disabled)
[    0.000000] ACPI: LAPIC (acpi_id[0x0b] lapic_id[0x16] disabled)
[    0.000000] ACPI: LAPIC (acpi_id[0x0c] lapic_id[0x18] disabled)
[    0.000000] ACPI: LAPIC (acpi_id[0x0d] lapic_id[0x1a] disabled)
[    0.000000] ACPI: LAPIC (acpi_id[0x0e] lapic_id[0x1c] disabled)
[    0.000000] ACPI: LAPIC (acpi_id[0x0f] lapic_id[0x1e] disabled)
[    0.000000] ACPI: LAPIC (acpi_id[0x10] lapic_id[0x20] disabled)
[    0.000000] ACPI: LAPIC (acpi_id[0x11] lapic_id[0x22] disabled)
[    0.000000] ACPI: LAPIC (acpi_id[0x12] lapic_id[0x24] disabled)
[    0.000000] ACPI: LAPIC (acpi_id[0x13] lapic_id[0x26] disabled)
[    0.000000] ACPI: LAPIC (acpi_id[0x14] lapic_id[0x28] disabled)
[    0.000000] ACPI: LAPIC (acpi_id[0x15] lapic_id[0x2a] disabled)
[    0.000000] ACPI: LAPIC (acpi_id[0x16] lapic_id[0x2c] disabled)
[    0.000000] ACPI: LAPIC (acpi_id[0x17] lapic_id[0x2e] disabled)
[    0.000000] ACPI: LAPIC (acpi_id[0x18] lapic_id[0x30] disabled)
[    0.000000] ACPI: LAPIC (acpi_id[0x19] lapic_id[0x32] disabled)
[    0.000000] ACPI: LAPIC (acpi_id[0x1a] lapic_id[0x34] disabled)
[    0.000000] ACPI: LAPIC (acpi_id[0x1b] lapic_id[0x36] disabled)
[    0.000000] ACPI: LAPIC (acpi_id[0x1c] lapic_id[0x38] disabled)
[    0.000000] ACPI: LAPIC (acpi_id[0x1d] lapic_id[0x3a] disabled)
[    0.000000] ACPI: LAPIC (acpi_id[0x1e] lapic_id[0x3c] disabled)
[    0.000000] ACPI: LAPIC (acpi_id[0x1f] lapic_id[0x3e] disabled)
[    0.000000] ACPI: LAPIC (acpi_id[0x20] lapic_id[0x40] disabled)
[    0.000000] ACPI: LAPIC (acpi_id[0x21] lapic_id[0x42] disabled)
[    0.000000] ACPI: LAPIC (acpi_id[0x22] lapic_id[0x44] disabled)
[    0.000000] ACPI: LAPIC (acpi_id[0x23] lapic_id[0x46] disabled)
[    0.000000] ACPI: LAPIC (acpi_id[0x24] lapic_id[0x48] disabled)
[    0.000000] ACPI: LAPIC (acpi_id[0x25] lapic_id[0x4a] disabled)
[    0.000000] ACPI: LAPIC (acpi_id[0x26] lapic_id[0x4c] disabled)
[    0.000000] ACPI: LAPIC (acpi_id[0x27] lapic_id[0x4e] disabled)
[    0.000000] ACPI: LAPIC (acpi_id[0x28] lapic_id[0x50] disabled)
[    0.000000] ACPI: LAPIC (acpi_id[0x29] lapic_id[0x52] disabled)
[    0.000000] ACPI: LAPIC (acpi_id[0x2a] lapic_id[0x54] disabled)
[    0.000000] ACPI: LAPIC (acpi_id[0x2b] lapic_id[0x56] disabled)
[    0.000000] ACPI: LAPIC (acpi_id[0x2c] lapic_id[0x58] disabled)
[    0.000000] ACPI: LAPIC (acpi_id[0x2d] lapic_id[0x5a] disabled)
[    0.000000] ACPI: LAPIC (acpi_id[0x2e] lapic_id[0x5c] disabled)
[    0.000000] ACPI: LAPIC (acpi_id[0x2f] lapic_id[0x5e] disabled)
[    0.000000] ACPI: LAPIC (acpi_id[0x30] lapic_id[0x60] disabled)
[    0.000000] ACPI: LAPIC (acpi_id[0x31] lapic_id[0x62] disabled)
[    0.000000] ACPI: LAPIC (acpi_id[0x32] lapic_id[0x64] disabled)
[    0.000000] ACPI: LAPIC (acpi_id[0x33] lapic_id[0x66] disabled)
[    0.000000] ACPI: LAPIC (acpi_id[0x34] lapic_id[0x68] disabled)
[    0.000000] ACPI: LAPIC (acpi_id[0x35] lapic_id[0x6a] disabled)
[    0.000000] ACPI: LAPIC (acpi_id[0x36] lapic_id[0x6c] disabled)
[    0.000000] ACPI: LAPIC (acpi_id[0x37] lapic_id[0x6e] disabled)
[    0.000000] ACPI: LAPIC (acpi_id[0x38] lapic_id[0x70] disabled)
[    0.000000] ACPI: LAPIC (acpi_id[0x39] lapic_id[0x72] disabled)
[    0.000000] ACPI: LAPIC (acpi_id[0x3a] lapic_id[0x74] disabled)
[    0.000000] ACPI: LAPIC (acpi_id[0x3b] lapic_id[0x76] disabled)
[    0.000000] ACPI: LAPIC (acpi_id[0x3c] lapic_id[0x78] disabled)
[    0.000000] ACPI: LAPIC (acpi_id[0x3d] lapic_id[0x7a] disabled)
[    0.000000] ACPI: LAPIC (acpi_id[0x3e] lapic_id[0x7c] disabled)
[    0.000000] ACPI: LAPIC (acpi_id[0x3f] lapic_id[0x7e] disabled)
[    0.000000] ACPI: LAPIC (acpi_id[0x40] lapic_id[0x80] disabled)
[    0.000000] ACPI: LAPIC (acpi_id[0x41] lapic_id[0x82] disabled)
[    0.000000] ACPI: LAPIC (acpi_id[0x42] lapic_id[0x84] disabled)
[    0.000000] ACPI: LAPIC (acpi_id[0x43] lapic_id[0x86] disabled)
[    0.000000] ACPI: LAPIC (acpi_id[0x44] lapic_id[0x88] disabled)
[    0.000000] ACPI: LAPIC (acpi_id[0x45] lapic_id[0x8a] disabled)
[    0.000000] ACPI: LAPIC (acpi_id[0x46] lapic_id[0x8c] disabled)
[    0.000000] ACPI: LAPIC (acpi_id[0x47] lapic_id[0x8e] disabled)
[    0.000000] ACPI: LAPIC (acpi_id[0x48] lapic_id[0x90] disabled)
[    0.000000] ACPI: LAPIC (acpi_id[0x49] lapic_id[0x92] disabled)
[    0.000000] ACPI: LAPIC (acpi_id[0x4a] lapic_id[0x94] disabled)
[    0.000000] ACPI: LAPIC (acpi_id[0x4b] lapic_id[0x96] disabled)
[    0.000000] ACPI: LAPIC (acpi_id[0x4c] lapic_id[0x98] disabled)
[    0.000000] ACPI: LAPIC (acpi_id[0x4d] lapic_id[0x9a] disabled)
[    0.000000] ACPI: LAPIC (acpi_id[0x4e] lapic_id[0x9c] disabled)
[    0.000000] ACPI: LAPIC (acpi_id[0x4f] lapic_id[0x9e] disabled)
[    0.000000] ACPI: LAPIC (acpi_id[0x50] lapic_id[0xa0] disabled)
[    0.000000] ACPI: LAPIC (acpi_id[0x51] lapic_id[0xa2] disabled)
[    0.000000] ACPI: LAPIC (acpi_id[0x52] lapic_id[0xa4] disabled)
[    0.000000] ACPI: LAPIC (acpi_id[0x53] lapic_id[0xa6] disabled)
[    0.000000] ACPI: LAPIC (acpi_id[0x54] lapic_id[0xa8] disabled)
[    0.000000] ACPI: LAPIC (acpi_id[0x55] lapic_id[0xaa] disabled)
[    0.000000] ACPI: LAPIC (acpi_id[0x56] lapic_id[0xac] disabled)
[    0.000000] ACPI: LAPIC (acpi_id[0x57] lapic_id[0xae] disabled)
[    0.000000] ACPI: LAPIC (acpi_id[0x58] lapic_id[0xb0] disabled)
[    0.000000] ACPI: LAPIC (acpi_id[0x59] lapic_id[0xb2] disabled)
[    0.000000] ACPI: LAPIC (acpi_id[0x5a] lapic_id[0xb4] disabled)
[    0.000000] ACPI: LAPIC (acpi_id[0x5b] lapic_id[0xb6] disabled)
[    0.000000] ACPI: LAPIC (acpi_id[0x5c] lapic_id[0xb8] disabled)
[    0.000000] ACPI: LAPIC (acpi_id[0x5d] lapic_id[0xba] disabled)
[    0.000000] ACPI: LAPIC (acpi_id[0x5e] lapic_id[0xbc] disabled)
[    0.000000] ACPI: LAPIC (acpi_id[0x5f] lapic_id[0xbe] disabled)
[    0.000000] ACPI: LAPIC (acpi_id[0x60] lapic_id[0xc0] disabled)
[    0.000000] ACPI: LAPIC (acpi_id[0x61] lapic_id[0xc2] disabled)
[    0.000000] ACPI: LAPIC (acpi_id[0x62] lapic_id[0xc4] disabled)
[    0.000000] ACPI: LAPIC (acpi_id[0x63] lapic_id[0xc6] disabled)
[    0.000000] ACPI: LAPIC (acpi_id[0x64] lapic_id[0xc8] disabled)
[    0.000000] ACPI: LAPIC (acpi_id[0x65] lapic_id[0xca] disabled)
[    0.000000] ACPI: LAPIC (acpi_id[0x66] lapic_id[0xcc] disabled)
[    0.000000] ACPI: LAPIC (acpi_id[0x67] lapic_id[0xce] disabled)
[    0.000000] ACPI: LAPIC (acpi_id[0x68] lapic_id[0xd0] disabled)
[    0.000000] ACPI: LAPIC (acpi_id[0x69] lapic_id[0xd2] disabled)
[    0.000000] ACPI: LAPIC (acpi_id[0x6a] lapic_id[0xd4] disabled)
[    0.000000] ACPI: LAPIC (acpi_id[0x6b] lapic_id[0xd6] disabled)
[    0.000000] ACPI: LAPIC (acpi_id[0x6c] lapic_id[0xd8] disabled)
[    0.000000] ACPI: LAPIC (acpi_id[0x6d] lapic_id[0xda] disabled)
[    0.000000] ACPI: LAPIC (acpi_id[0x6e] lapic_id[0xdc] disabled)
[    0.000000] ACPI: LAPIC (acpi_id[0x6f] lapic_id[0xde] disabled)
[    0.000000] ACPI: LAPIC (acpi_id[0x70] lapic_id[0xe0] disabled)
[    0.000000] ACPI: LAPIC (acpi_id[0x71] lapic_id[0xe2] disabled)
[    0.000000] ACPI: LAPIC (acpi_id[0x72] lapic_id[0xe4] disabled)
[    0.000000] ACPI: LAPIC (acpi_id[0x73] lapic_id[0xe6] disabled)
[    0.000000] ACPI: LAPIC (acpi_id[0x74] lapic_id[0xe8] disabled)
[    0.000000] ACPI: LAPIC (acpi_id[0x75] lapic_id[0xea] disabled)
[    0.000000] ACPI: LAPIC (acpi_id[0x76] lapic_id[0xec] disabled)
[    0.000000] ACPI: LAPIC (acpi_id[0x77] lapic_id[0xee] disabled)
[    0.000000] ACPI: LAPIC (acpi_id[0x78] lapic_id[0xf0] disabled)
[    0.000000] ACPI: LAPIC (acpi_id[0x79] lapic_id[0xf2] disabled)
[    0.000000] ACPI: LAPIC (acpi_id[0x7a] lapic_id[0xf4] disabled)
[    0.000000] ACPI: LAPIC (acpi_id[0x7b] lapic_id[0xf6] disabled)
[    0.000000] ACPI: LAPIC (acpi_id[0x7c] lapic_id[0xf8] disabled)
[    0.000000] ACPI: LAPIC (acpi_id[0x7d] lapic_id[0xfa] disabled)
[    0.000000] ACPI: LAPIC (acpi_id[0x7e] lapic_id[0xfc] disabled)
[    0.000000] ACPI: LAPIC (acpi_id[0x7f] lapic_id[0xfe] disabled)
[    0.000000] ACPI: IOAPIC (id[0x01] address[0xfec00000] gsi_base[0])
[    0.000000] IOAPIC[0]: apic_id 1, version 17, address 0xfec00000, GSI 0-47
[    0.000000] ACPI: INT_SRC_OVR (bus 0 bus_irq 0 global_irq 2 dfl dfl)
[    0.000000] ACPI: INT_SRC_OVR (bus 0 bus_irq 5 global_irq 5 low level)
[    0.000000] ACPI: INT_SRC_OVR (bus 0 bus_irq 10 global_irq 10 low level)
[    0.000000] ACPI: INT_SRC_OVR (bus 0 bus_irq 11 global_irq 11 low level)
[    0.000000] ACPI: IRQ0 used by override.
[    0.000000] ACPI: IRQ2 used by override.
[    0.000000] ACPI: IRQ5 used by override.
[    0.000000] ACPI: IRQ9 used by override.
[    0.000000] ACPI: IRQ10 used by override.
[    0.000000] ACPI: IRQ11 used by override.
[    0.000000] Using ACPI (MADT) for SMP configuration information
[    0.000000] ACPI: HPET id: 0x8086a201 base: 0xfed00000
[    0.000000] 128 Processors exceeds NR_CPUS limit of 64
[    0.000000] SMP: Allowing 64 CPUs, 63 hotplug CPUs
[    0.000000] nr_irqs_gsi: 64
[    0.000000] early_res array is doubled to 64 at [17000 - 177ff]
[    0.000000] PM: Registered nosave memory: 00000000000a0000 - 0000000000100000
[    0.000000] PM: Registered nosave memory: 000000001d135000 - 000000001d147000
[    0.000000] PM: Registered nosave memory: 000000001d147000 - 000000001d15d000
[    0.000000] PM: Registered nosave memory: 000000001d15d000 - 000000001d172000
[    0.000000] PM: Registered nosave memory: 000000001f2f2000 - 000000001f322000
[    0.000000] PM: Registered nosave memory: 000000001f322000 - 000000001f34a000
[    0.000000] PM: Registered nosave memory: 000000001f34a000 - 000000001f352000
[    0.000000] PM: Registered nosave memory: 000000001f352000 - 000000001f356000
[    0.000000] PM: Registered nosave memory: 000000001f7bf000 - 000000001f7df000
[    0.000000] Allocating PCI resources starting at 1f7e0000 (gap: 1f7e0000:e0820000)
[    0.000000] Booting paravirtualized kernel on bare hardware
[    0.000000] setup_percpu: NR_CPUS:64 nr_cpumask_bits:64 nr_cpu_ids:64 nr_node_ids:1
[    0.000000] early_res array is doubled to 128 at [17800 - 187ff]
[    0.000000] PERCPU: Embedded 30 pages/cpu @ffff880002e00000 s91520 r8192 d23168 u131072
[    0.000000] pcpu-alloc: s91520 r8192 d23168 u131072 alloc=1*2097152
[    0.000000] pcpu-alloc: [0] 00 01 02 03 04 05 06 07 08 09 10 11 12 13 14 15 
[    0.000000] pcpu-alloc: [0] 16 17 18 19 20 21 22 23 24 25 26 27 28 29 30 31 
[    0.000000] pcpu-alloc: [0] 32 33 34 35 36 37 38 39 40 41 42 43 44 45 46 47 
[    0.000000] pcpu-alloc: [0] 48 49 50 51 52 53 54 55 56 57 58 59 60 61 62 63 
[    0.000000] early_res array is doubled to 256 at [18800 - 1a7ff]
[    0.000000] Built 1 zonelists in Node order, mobility grouping on.  Total pages: 126923
[    0.000000] Policy zone: DMA32
[    0.000000] Kernel command line: BOOT_IMAGE=/boot/vmlinuz-2.6.35-22-generic root=UUID=92401c2e-8bd3-4555-a5ce-87fc5902be2b ro quiet splash
[    0.000000] PID hash table entries: 2048 (order: 2, 16384 bytes)
[    0.000000] Checking aperture...
[    0.000000] No AGP bridge found
[    0.000000] Calgary: detecting Calgary via BIOS EBDA area
[    0.000000] Calgary: Unable to locate Rio Grande table in EBDA - bailing!
[    0.000000] Subtract (112 early reservations)
[    0.000000]   #1 [0001000000 - 0001d17114]   TEXT DATA BSS
[    0.000000]   #2 [001bec4000 - 001c945000]         RAMDISK
[    0.000000]   #3 [000009f000 - 0000100000]   BIOS reserved
[    0.000000]   #4 [000008e000 - 000008e780]      EFI memmap
[    0.000000]   #5 [0001d18000 - 0001d180d0]             BRK
[    0.000000]   #6 [0000010000 - 0000012000]      TRAMPOLINE
[    0.000000]   #7 [0000012000 - 0000016000]     ACPI WAKEUP
[    0.000000]   #8 [0000016000 - 0000017000]         PGTABLE
[    0.000000]   #9 [0001d18100 - 0001d1d100]       NODE_DATA
[    0.000000]   #10 [0001d1d100 - 0001d1e100]         BOOTMEM
[    0.000000]   #11 [0001d17140 - 0001d171a0]         BOOTMEM
[    0.000000]   #12 [000251f000 - 0002520000]         BOOTMEM
[    0.000000]   #13 [0002520000 - 0002521000]         BOOTMEM
[    0.000000]   #14 [0002600000 - 0002e00000]        MEMMAP 0
[    0.000000]   #15 [0001d171c0 - 0001d17340]         BOOTMEM
[    0.000000]   #16 [0001d1e100 - 0001d21100]         BOOTMEM
[    0.000000]   #17 [0001d22000 - 0001d23000]         BOOTMEM
[    0.000000]   #18 [0001d17340 - 0001d17381]         BOOTMEM
[    0.000000]   #19 [0001d173c0 - 0001d17403]         BOOTMEM
[    0.000000]   #20 [0001d17440 - 0001d17750]         BOOTMEM
[    0.000000]   #21 [0001d17780 - 0001d177e8]         BOOTMEM
[    0.000000]   #22 [0001d17800 - 0001d17868]         BOOTMEM
[    0.000000]   #23 [0001d17880 - 0001d178e8]         BOOTMEM
[    0.000000]   #24 [0001d17900 - 0001d17968]         BOOTMEM
[    0.000000]   #25 [0001d17980 - 0001d179e8]         BOOTMEM
[    0.000000]   #26 [0001d17a00 - 0001d17a68]         BOOTMEM
[    0.000000]   #27 [0001d17a80 - 0001d17ae8]         BOOTMEM
[    0.000000]   #28 [0001d17b00 - 0001d17b68]         BOOTMEM
[    0.000000]   #29 [0001d17b80 - 0001d17be8]         BOOTMEM
[    0.000000]   #30 [0001d17c00 - 0001d17c68]         BOOTMEM
[    0.000000]   #31 [0001d17c80 - 0001d17ce8]         BOOTMEM
[    0.000000]   #32 [0001d17d00 - 0001d17d68]         BOOTMEM
[    0.000000]   #33 [0001d17d80 - 0001d17de8]         BOOTMEM
[    0.000000]   #34 [0001d17e00 - 0001d17e20]         BOOTMEM
[    0.000000]   #35 [0001d17e40 - 0001d17e60]         BOOTMEM
[    0.000000]   #36 [0001d17e80 - 0001d17ea0]         BOOTMEM
[    0.000000]   #37 [0001d17ec0 - 0001d17ee0]         BOOTMEM
[    0.000000]   #38 [0001d17f00 - 0001d17f6a]         BOOTMEM
[    0.000000]   #39 [0001d17f80 - 0001d17fea]         BOOTMEM
[    0.000000]   #40 [0002e00000 - 0002e1e000]         BOOTMEM
[    0.000000]   #41 [0002e20000 - 0002e3e000]         BOOTMEM
[    0.000000]   #42 [0002e40000 - 0002e5e000]         BOOTMEM
[    0.000000]   #43 [0002e60000 - 0002e7e000]         BOOTMEM
[    0.000000]   #44 [0002e80000 - 0002e9e000]         BOOTMEM
[    0.000000]   #45 [0002ea0000 - 0002ebe000]         BOOTMEM
[    0.000000]   #46 [0002ec0000 - 0002ede000]         BOOTMEM
[    0.000000]   #47 [0002ee0000 - 0002efe000]         BOOTMEM
[    0.000000]   #48 [0002f00000 - 0002f1e000]         BOOTMEM
[    0.000000]   #49 [0002f20000 - 0002f3e000]         BOOTMEM
[    0.000000]   #50 [0002f40000 - 0002f5e000]         BOOTMEM
[    0.000000]   #51 [0002f60000 - 0002f7e000]         BOOTMEM
[    0.000000]   #52 [0002f80000 - 0002f9e000]         BOOTMEM
[    0.000000]   #53 [0002fa0000 - 0002fbe000]         BOOTMEM
[    0.000000]   #54 [0002fc0000 - 0002fde000]         BOOTMEM
[    0.000000]   #55 [0002fe0000 - 0002ffe000]         BOOTMEM
[    0.000000]   #56 [0003000000 - 000301e000]         BOOTMEM
[    0.000000]   #57 [0003020000 - 000303e000]         BOOTMEM
[    0.000000]   #58 [0003040000 - 000305e000]         BOOTMEM
[    0.000000]   #59 [0003060000 - 000307e000]         BOOTMEM
[    0.000000]   #60 [0003080000 - 000309e000]         BOOTMEM
[    0.000000]   #61 [00030a0000 - 00030be000]         BOOTMEM
[    0.000000]   #62 [00030c0000 - 00030de000]         BOOTMEM
[    0.000000]   #63 [00030e0000 - 00030fe000]         BOOTMEM
[    0.000000]   #64 [0003100000 - 000311e000]         BOOTMEM
[    0.000000]   #65 [0003120000 - 000313e000]         BOOTMEM
[    0.000000]   #66 [0003140000 - 000315e000]         BOOTMEM
[    0.000000]   #67 [0003160000 - 000317e000]         BOOTMEM
[    0.000000]   #68 [0003180000 - 000319e000]         BOOTMEM
[    0.000000]   #69 [00031a0000 - 00031be000]         BOOTMEM
[    0.000000]   #70 [00031c0000 - 00031de000]         BOOTMEM
[    0.000000]   #71 [00031e0000 - 00031fe000]         BOOTMEM
[    0.000000]   #72 [0003200000 - 000321e000]         BOOTMEM
[    0.000000]   #73 [0003220000 - 000323e000]         BOOTMEM
[    0.000000]   #74 [0003240000 - 000325e000]         BOOTMEM
[    0.000000]   #75 [0003260000 - 000327e000]         BOOTMEM
[    0.000000]   #76 [0003280000 - 000329e000]         BOOTMEM
[    0.000000]   #77 [00032a0000 - 00032be000]         BOOTMEM
[    0.000000]   #78 [00032c0000 - 00032de000]         BOOTMEM
[    0.000000]   #79 [00032e0000 - 00032fe000]         BOOTMEM
[    0.000000]   #80 [0003300000 - 000331e000]         BOOTMEM
[    0.000000]   #81 [0003320000 - 000333e000]         BOOTMEM
[    0.000000]   #82 [0003340000 - 000335e000]         BOOTMEM
[    0.000000]   #83 [0003360000 - 000337e000]         BOOTMEM
[    0.000000]   #84 [0003380000 - 000339e000]         BOOTMEM
[    0.000000]   #85 [00033a0000 - 00033be000]         BOOTMEM
[    0.000000]   #86 [00033c0000 - 00033de000]         BOOTMEM
[    0.000000]   #87 [00033e0000 - 00033fe000]         BOOTMEM
[    0.000000]   #88 [0003400000 - 000341e000]         BOOTMEM
[    0.000000]   #89 [0003420000 - 000343e000]         BOOTMEM
[    0.000000]   #90 [0003440000 - 000345e000]         BOOTMEM
[    0.000000]   #91 [0003460000 - 000347e000]         BOOTMEM
[    0.000000]   #92 [0003480000 - 000349e000]         BOOTMEM
[    0.000000]   #93 [00034a0000 - 00034be000]         BOOTMEM
[    0.000000]   #94 [00034c0000 - 00034de000]         BOOTMEM
[    0.000000]   #95 [00034e0000 - 00034fe000]         BOOTMEM
[    0.000000]   #96 [0003500000 - 000351e000]         BOOTMEM
[    0.000000]   #97 [0003520000 - 000353e000]         BOOTMEM
[    0.000000]   #98 [0003540000 - 000355e000]         BOOTMEM
[    0.000000]   #99 [0003560000 - 000357e000]         BOOTMEM
[    0.000000]   #100 [0003580000 - 000359e000]         BOOTMEM
[    0.000000]   #101 [00035a0000 - 00035be000]         BOOTMEM
[    0.000000]   #102 [00035c0000 - 00035de000]         BOOTMEM
[    0.000000]   #103 [00035e0000 - 00035fe000]         BOOTMEM
[    0.000000]   #104 [0001d21100 - 0001d21108]         BOOTMEM
[    0.000000]   #105 [0001d21140 - 0001d21148]         BOOTMEM
[    0.000000]   #106 [0001d21180 - 0001d21280]         BOOTMEM
[    0.000000]   #107 [0001d21280 - 0001d21480]         BOOTMEM
[    0.000000]   #108 [0001d21480 - 0001d21590]         BOOTMEM
[    0.000000]   #109 [0001d215c0 - 0001d21608]         BOOTMEM
[    0.000000]   #110 [0001d21640 - 0001d21688]         BOOTMEM
[    0.000000]   #111 [0001d23000 - 0001d27000]         BOOTMEM
[    0.000000] Memory: 474608k/515968k available (5708k kernel code, 1220k absent, 40140k reserved, 5382k data, 908k init)
[    0.000000] SLUB: Genslabs=14, HWalign=64, Order=0-3, MinObjects=0, CPUs=64, Nodes=1
[    0.000000] Hierarchical RCU implementation.
[    0.000000] 	RCU dyntick-idle grace-period acceleration is enabled.
[    0.000000] 	RCU-based detection of stalled CPUs is disabled.
[    0.000000] 	Verbose stalled-CPUs detection is disabled.
[    0.000000] NR_IRQS:4352 nr_irqs:1600
[    0.000000] Console: colour dummy device 80x25
[    0.000000] console [tty0] enabled
[    0.000000] allocated 5242880 bytes of page_cgroup
[    0.000000] please try 'cgroup_disable=memory' option if you don't want memory cgroups
[    0.000000] hpet clockevent registered
[    0.000000] Fast TSC calibration using PIT
[    0.000000] Detected 2266.376 MHz processor.
[    0.010023] Calibrating delay loop (skipped), value calculated using timer frequency.. 4532.75 BogoMIPS (lpj=22663760)
[    0.010027] pid_max: default: 65536 minimum: 512
[    0.010350] Security Framework initialized
[    0.010369] AppArmor: AppArmor initialized
[    0.010370] Yama: becoming mindful.
[    0.010466] Dentry cache hash table entries: 65536 (order: 7, 524288 bytes)
[    0.010652] Inode-cache hash table entries: 32768 (order: 6, 262144 bytes)
[    0.010735] Mount-cache hash table entries: 256
[    0.010910] Initializing cgroup subsys ns
[    0.010914] Initializing cgroup subsys cpuacct
[    0.010925] Initializing cgroup subsys memory
[    0.010935] Initializing cgroup subsys devices
[    0.010938] Initializing cgroup subsys freezer
[    0.010940] Initializing cgroup subsys net_cls
[    0.011022] CPU: Physical Processor ID: 0
[    0.011023] CPU: Processor Core ID: 0
[    0.011026] mce: CPU supports 9 MCE banks
[    0.011067] Performance Events: Westmere events, Intel PMU driver.
[    0.011084] ... version:                3
[    0.011085] ... bit width:              48
[    0.011086] ... generic registers:      4
[    0.011088] ... value mask:             0000ffffffffffff
[    0.011089] ... max period:             000000007fffffff
[    0.011091] ... fixed-purpose events:   3
[    0.011092] ... event mask:             000000070000000f
[    0.011339] SMP alternatives: switching to UP code
[    0.041929] ACPI: Core revision 20100428
[    0.066648] ftrace: converting mcount calls to 0f 1f 44 00 00
[    0.066653] ftrace: allocating 22680 entries in 89 pages
[    0.091832] Not enabling x2apic, Intr-remapping init failed.
[    0.091836] Setting APIC routing to physical flat
[    0.100426] ..TIMER: vector=0x30 apic1=0 pin1=2 apic2=0 pin2=0
[    0.220440] CPU0: Intel(R) Core(TM) i3 CPU       M 350  @ 2.27GHz stepping 05
[    0.230000] APIC calibration not consistent with PM-Timer: 83ms instead of 100ms
[    0.230000] APIC delta adjusted to PM-Timer: 625003 (519518)
[    0.230000] Brought up 1 CPUs
[    0.230000] Total of 1 processors activated (4532.75 BogoMIPS).
[    0.230000] devtmpfs: initialized
[    0.230000] regulator: core version 0.5
[    0.230000] Time: 23:08:37  Date: 07/03/12
[    0.230000] NET: Registered protocol family 16
[    0.230000] ACPI: bus type pci registered
[    0.230000] PCI: Using configuration type 1 for base access
[    0.230000] bio: create slab <bio-0> at 0
[    0.230000] ACPI: EC: Look up EC in DSDT
[    0.253861] ACPI: Interpreter enabled
[    0.253865] ACPI: (supports S0 S3 S4 S5)
[    0.253885] ACPI: Using IOAPIC for interrupt routing
[    0.500510] ACPI: No dock devices found.
[    0.500514] PCI: Using host bridge windows from ACPI; if necessary, use "pci=nocrs" and report a bug
[    0.500771] ACPI: PCI Root Bridge [PCI0] (domain 0000 [bus 00-ff])
[    0.501271] pci_root PNP0A03:00: host bridge window [io  0x0000-0x0cf7]
[    0.501274] pci_root PNP0A03:00: host bridge window [io  0x0d00-0xffff]
[    0.501276] pci_root PNP0A03:00: host bridge window [mem 0x000a0000-0x000bffff]
[    0.501278] pci_root PNP0A03:00: host bridge window [mem 0xf0000000-0xfbffffff]
[    0.505526] pci 0000:00:01.1: reg 20: [io  0xc220-0xc22f]
[    0.507410] pci 0000:00:01.2: reg 20: [io  0xc200-0xc21f]
[    0.509460] pci 0000:00:01.3: quirk: [io  0xb000-0xb03f] claimed by PIIX4 ACPI
[    0.509497] pci 0000:00:01.3: quirk: [io  0xb100-0xb10f] claimed by PIIX4 SMB
[    0.520004] pci 0000:00:02.0: reg 10: [mem 0x80000000-0x81ffffff pref]
[    0.520242] pci 0000:00:02.0: reg 14: [mem 0x83001000-0x83001fff]
[    0.521023] pci 0000:00:02.0: reg 30: [mem 0xffff0000-0xffffffff pref]
[    0.521753] pci 0000:00:03.0: reg 10: [io  0xc100-0xc1ff]
[    0.522058] pci 0000:00:03.0: reg 14: [mem 0x82000000-0x82ffffff pref]
[    0.530124] pci 0000:00:04.0: reg 10: [io  0xc000-0xc0ff]
[    0.530336] pci 0000:00:04.0: reg 14: [mem 0x83000000-0x830000ff]
[    0.531116] pci 0000:00:04.0: reg 30: [mem 0xffff0000-0xffffffff pref]
[    0.532445] ACPI: PCI Interrupt Routing Table [\_SB_.PCI0._PRT]
[    1.074951] ACPI: PCI Interrupt Link [LNKA] (IRQs 5 10 *11)
[    1.075654] ACPI: PCI Interrupt Link [LNKB] (IRQs 5 10 11) *9
[    1.076336] ACPI: PCI Interrupt Link [LNKC] (IRQs 5 10 *11)
[    1.077015] ACPI: PCI Interrupt Link [LNKD] (IRQs 5 10 11) *9
[    1.077329] HEST: Table is not found!
[    1.077458] vgaarb: device added: PCI:0000:00:02.0,decodes=io+mem,owns=io+mem,locks=none
[    1.077461] vgaarb: loaded
[    1.077583] SCSI subsystem initialized
[    1.077648] libata version 3.00 loaded.
[    1.077689] usbcore: registered new interface driver usbfs
[    1.077697] usbcore: registered new interface driver hub
[    1.077718] usbcore: registered new device driver usb
[    1.077823] ACPI: WMI: Mapper loaded
[    1.077825] PCI: Using ACPI for IRQ routing
[    1.077827] PCI: pci_cache_line_size set to 64 bytes
[    1.078083] pci 0000:00:02.0: no compatible bridge window for [mem 0x80000000-0x81ffffff pref]
[    1.078085] pci 0000:00:02.0: no compatible bridge window for [mem 0x83001000-0x83001fff]
[    1.078134] pci 0000:00:03.0: no compatible bridge window for [mem 0x82000000-0x82ffffff pref]
[    1.078173] pci 0000:00:04.0: no compatible bridge window for [mem 0x83000000-0x830000ff]
[    1.078486] reserve RAM buffer: 000000001d135000 - 000000001fffffff 
[    1.078490] reserve RAM buffer: 000000001f2f2000 - 000000001fffffff 
[    1.078493] reserve RAM buffer: 000000001f7bf000 - 000000001fffffff 
[    1.078495] reserve RAM buffer: 000000001f7e0000 - 000000001fffffff 
[    1.078591] NetLabel: Initializing
[    1.078592] NetLabel:  domain hash size = 128
[    1.078593] NetLabel:  protocols = UNLABELED CIPSOv4
[    1.078604] NetLabel:  unlabeled traffic allowed by default
[    1.078647] HPET: 3 timers in total, 0 timers will be used for per-cpu timer
[    1.078665] hpet0: at MMIO 0xfed00000, IRQs 2, 8, 0
[    1.078669] hpet0: 3 comparators, 64-bit 62.500000 MHz counter
[    1.090033] Switching to clocksource tsc
[    1.098945] AppArmor: AppArmor Filesystem Enabled
[    1.098964] pnp: PnP ACPI init
[    1.098984] ACPI: bus type pnp registered
[    1.099041] pnp 00:00: disabling [mem 0x00000000-0x0009ffff] because it overlaps 0000:00:02.0 BAR 0 [mem 0x00000000-0x01ffffff pref]
[    1.099047] pnp 00:00: disabling [mem 0x00000000-0x0009ffff disabled] because it overlaps 0000:00:03.0 BAR 1 [mem 0x00000000-0x00ffffff pref]
[    1.170635] pnp: PnP ACPI: found 13 devices
[    1.170637] ACPI: ACPI bus type pnp unregistered
[    1.170653] system 00:03: [io  0x08a0-0x08a3] has been reserved
[    1.170655] system 00:03: [io  0x0cc0-0x0ccf] has been reserved
[    1.170657] system 00:03: [io  0x04d0-0x04d1] has been reserved
[    1.170663] system 00:0c: [io  0x10c0-0x1141] has been reserved
[    1.170665] system 00:0c: [io  0xb044-0xb047] has been reserved
[    1.176305] pci 0000:00:02.0: no compatible bridge window for [mem 0xffff0000-0xffffffff pref]
[    1.176309] pci 0000:00:04.0: no compatible bridge window for [mem 0xffff0000-0xffffffff pref]
[    1.176317] pci 0000:00:02.0: BAR 0: assigned [mem 0xf0000000-0xf1ffffff pref]
[    1.190658] pci 0000:00:02.0: BAR 0: set to [mem 0xf0000000-0xf1ffffff pref] (PCI address [0xf0000000-0xf1ffffff]
[    1.190662] pci 0000:00:03.0: BAR 1: assigned [mem 0xf2000000-0xf2ffffff pref]
[    1.190904] pci 0000:00:03.0: BAR 1: set to [mem 0xf2000000-0xf2ffffff pref] (PCI address [0xf2000000-0xf2ffffff]
[    1.190907] pci 0000:00:02.0: BAR 6: assigned [mem 0xf3000000-0xf300ffff pref]
[    1.190910] pci 0000:00:04.0: BAR 6: assigned [mem 0xf3010000-0xf301ffff pref]
[    1.190912] pci 0000:00:02.0: BAR 1: assigned [mem 0xf3020000-0xf3020fff]
[    1.191044] pci 0000:00:02.0: BAR 1: set to [mem 0xf3020000-0xf3020fff] (PCI address [0xf3020000-0xf3020fff]
[    1.191047] pci 0000:00:04.0: BAR 1: assigned [mem 0xf3021000-0xf30210ff]
[    1.191185] pci 0000:00:04.0: BAR 1: set to [mem 0xf3021000-0xf30210ff] (PCI address [0xf3021000-0xf30210ff]
[    1.191190] pci_bus 0000:00: resource 4 [io  0x0000-0x0cf7]
[    1.191191] pci_bus 0000:00: resource 5 [io  0x0d00-0xffff]
[    1.191193] pci_bus 0000:00: resource 6 [mem 0x000a0000-0x000bffff]
[    1.191195] pci_bus 0000:00: resource 7 [mem 0xf0000000-0xfbffffff]
[    1.191236] NET: Registered protocol family 2
[    1.191359] IP route cache hash table entries: 4096 (order: 3, 32768 bytes)
[    1.191553] TCP established hash table entries: 16384 (order: 6, 262144 bytes)
[    1.191655] TCP bind hash table entries: 16384 (order: 6, 262144 bytes)
[    1.191717] TCP: Hash tables configured (established 16384 bind 16384)
[    1.191719] TCP reno registered
[    1.191728] UDP hash table entries: 256 (order: 1, 8192 bytes)
[    1.191734] UDP-Lite hash table entries: 256 (order: 1, 8192 bytes)
[    1.191989] NET: Registered protocol family 1
[    1.192000] pci 0000:00:00.0: Limiting direct PCI/PCI transfers
[    1.192082] pci 0000:00:01.0: PIIX3: Enabling Passive Release
[    1.192164] pci 0000:00:01.0: Activating ISA DMA hang workarounds
[    1.192586] pci 0000:00:02.0: Boot video device
[    1.192706] PCI: CLS 0 bytes, default 64
[    1.192912] Scanning for low memory corruption every 60 seconds
[    1.193055] audit: initializing netlink socket (disabled)
[    1.193063] type=2000 audit(1341356918.190:1): initialized
[    1.207760] Trying to unpack rootfs image as initramfs...
[    1.230537] HugeTLB registered 2 MB page size, pre-allocated 0 pages
[    1.231783] VFS: Disk quotas dquot_6.5.2
[    1.231864] Dquot-cache hash table entries: 512 (order 0, 4096 bytes)
[    1.232445] fuse init (API version 7.14)
[    1.232525] msgmni has been set to 926
[    1.240428] Block layer SCSI generic (bsg) driver version 0.4 loaded (major 253)
[    1.240432] io scheduler noop registered
[    1.240434] io scheduler deadline registered
[    1.240472] io scheduler cfq registered (default)
[    1.240546] pci_hotplug: PCI Hot Plug PCI Core version: 0.5
[    1.240563] pciehp: PCI Express Hot Plug Controller Driver version: 0.4
[    1.240642] efifb: probing for efifb
[    1.240913] efifb: framebuffer at 0x80000000, mapped to 0xffffc90000400000, using 1408k, total 1408k
[    1.240915] efifb: mode is 800x600x24, linelength=2400, pages=1
[    1.240916] efifb: scrolling: redraw
[    1.240918] efifb: Truecolor: size=0:8:8:8, shift=0:16:8:0
[    9.079039] Console: switching to colour frame buffer device 100x37
[   17.489586] fb0: EFI VGA frame buffer device
[   17.690916] Freeing initrd memory: 10756k freed
[   17.693417] input: Power Button as /devices/LNXSYSTM:00/LNXPWRBN:00/input/input0
[   17.693424] ACPI: Power Button [PWRF]
[   17.693483] input: Sleep Button as /devices/LNXSYSTM:00/LNXSLPBN:00/input/input1
[   17.693486] ACPI: Sleep Button [SLPF]
[   17.697373] ACPI: acpi_idle registered with cpuidle
[   17.766825] ERST: Table is not found!
[   17.767012] Linux agpgart interface v0.103
[   17.767029] Serial: 8250/16550 driver, 4 ports, IRQ sharing enabled
[   17.768113] serial8250: ttyS0 at I/O 0x3f8 (irq = 4) is a 16550A
[   17.769830] 00:0a: ttyS0 at I/O 0x3f8 (irq = 4) is a 16550A
[   17.770955] brd: module loaded
[   17.771468] loop: module loaded
[   17.771615] ata_piix 0000:00:01.1: version 2.13
[   17.771873] ata_piix 0000:00:01.1: setting latency timer to 64
[   17.772299] scsi0 : ata_piix
[   17.772365] scsi1 : ata_piix
[   17.772400] ata1: PATA max MWDMA2 cmd 0x1f0 ctl 0x3f6 bmdma 0xc220 irq 14
[   17.772402] ata2: PATA max MWDMA2 cmd 0x170 ctl 0x376 bmdma 0xc228 irq 15
[   17.772619] Fixed MDIO Bus: probed
[   17.772643] PPP generic driver version 2.4.2
[   17.772681] tun: Universal TUN/TAP device driver, 1.6
[   17.772682] tun: (C) 1999-2004 Max Krasnyansky <maxk@qualcomm.com>
[   17.772747] ehci_hcd: USB 2.0 'Enhanced' Host Controller (EHCI) Driver
[   17.772759] ohci_hcd: USB 1.1 'Open' Host Controller (OHCI) Driver
[   17.772767] uhci_hcd: USB Universal Host Controller Interface driver
[   17.772876]   alloc irq_desc for 23 on node -1
[   17.772878]   alloc kstat_irqs on node -1
[   17.772907] uhci_hcd 0000:00:01.2: PCI INT D -> GSI 23 (level, low) -> IRQ 23
[   17.773001] uhci_hcd 0000:00:01.2: setting latency timer to 64
[   17.773039] uhci_hcd 0000:00:01.2: UHCI Host Controller
[   17.773076] uhci_hcd 0000:00:01.2: new USB bus registered, assigned bus number 1
[   17.773443] uhci_hcd 0000:00:01.2: irq 23, io base 0x0000c200
[   17.775027] hub 1-0:1.0: USB hub found
[   17.775032] hub 1-0:1.0: 2 ports detected
[   17.775245] PNP: PS/2 Controller [PNP0303:PS2K,PNP0f13:PS2M] at 0x60,0x64 irq 1,12
[   17.777565] serio: i8042 KBD port at 0x60,0x64 irq 1
[   17.777571] serio: i8042 AUX port at 0x60,0x64 irq 12
[   17.778771] mice: PS/2 mouse device common for all mice
[   17.779597] input: AT Translated Set 2 keyboard as /devices/platform/i8042/serio0/input/input2
[   17.780250] rtc_cmos 00:05: rtc core: registered rtc_cmos as rtc0
[   17.780347] rtc0: alarms up to one day, 114 bytes nvram, hpet irqs
[   17.780446] device-mapper: uevent: version 1.0.3
[   17.781497] device-mapper: ioctl: 4.17.0-ioctl (2010-03-05) initialised: dm-devel@redhat.com
[   17.781546] device-mapper: multipath: version 1.1.1 loaded
[   17.781549] device-mapper: multipath round-robin: version 1.0.0 loaded
[   17.781718] cpuidle: using governor ladder
[   17.781719] cpuidle: using governor menu
[   17.781721] EFI Variables Facility v0.08 2004-May-17
[   17.782402] TCP cubic registered
[   17.782519] NET: Registered protocol family 10
[   17.783136] lo: Disabled Privacy Extensions
[   17.783311] NET: Registered protocol family 17
[   17.783442] PM: Resume from disk failed.
[   17.783452] registered taskstats version 1
[   17.784121]   Magic number: 4:735:149
[   17.784141] bdi 1:1: hash matches
[   17.784255] rtc_cmos 00:05: setting system clock to 2012-07-03 23:08:54 UTC (1341356934)
[   17.784258] BIOS EDD facility v0.16 2004-Jun-25, 0 devices found
[   17.784259] EDD information not available.
[   17.933905] ata1.01: NODEV after polling detection
[   17.935885] ata1.00: ATA-7: QEMU HARDDISK, 1.0, max UDMA/100
[   17.935891] ata1.00: 8388608 sectors, multi 16: LBA48 
[   17.939533] ata1.00: configured for MWDMA2
[   17.939742] scsi 0:0:0:0: Direct-Access     ATA      QEMU HARDDISK    1.0  PQ: 0 ANSI: 5
[   17.940017] sd 0:0:0:0: Attached scsi generic sg0 type 0
[   17.943647] sd 0:0:0:0: [sda] 8388608 512-byte logical blocks: (4.29 GB/4.00 GiB)
[   17.943735] sd 0:0:0:0: [sda] Write Protect is off
[   17.943740] sd 0:0:0:0: [sda] Mode Sense: 00 3a 00 00
[   17.943777] sd 0:0:0:0: [sda] Write cache: disabled, read cache: enabled, doesn't support DPO or FUA
[   17.944668]  sda:
[   17.949034] ata2.01: NODEV after polling detection
[   17.952199] ata2.00: ATAPI: QEMU DVD-ROM, 1.0, max UDMA/100
[   17.954420] ata2.00: configured for MWDMA2
[   17.958234] scsi 1:0:0:0: CD-ROM            QEMU     QEMU DVD-ROM     1.0  PQ: 0 ANSI: 5
[   17.968288]  sda1 sda2 sda3
[   17.968526] sd 0:0:0:0: [sda] Attached SCSI disk
[   17.970200] sr0: scsi3-mmc drive: 4x/4x cd/rw xa/form2 tray
[   17.970202] Uniform CD-ROM driver Revision: 3.20
[   17.970269] sr 1:0:0:0: Attached scsi CD-ROM sr0
[   17.970311] sr 1:0:0:0: Attached scsi generic sg1 type 5
[   17.970385] Freeing unused kernel memory: 908k freed
[   17.970549] Write protecting the kernel read-only data: 10240k
[   17.970748] Freeing unused kernel memory: 416k freed
[   17.970975] Freeing unused kernel memory: 1644k freed
[   17.989212] udev[65]: starting version 163
[   18.090171] usb 1-1: new full speed USB device using uhci_hcd and address 2
[   18.205187] udevd[221]: segfault at 94dfa322 ip 0000000094dfa322 sp 00007fffe70f4f98 error 14 in libdl.so.2[7f8b94b7a000+2000]
[   18.259983] 8139cp: 8139cp: 10/100 PCI Ethernet driver v1.3 (Mar 22, 2004)
[   18.260170]   alloc irq_desc for 32 on node -1
[   18.260172]   alloc kstat_irqs on node -1
[   18.260203] 8139cp 0000:00:04.0: PCI INT A -> GSI 32 (level, low) -> IRQ 32
[   18.461690] 8139cp 0000:00:04.0: eth0: RTL-8139C+ at 0xffffc9000039a000, 00:16:3e:2f:bb:93, IRQ 32
[   18.462156] 8139cp 0000:00:04.0: setting latency timer to 64
[   18.471996] 8139too: 8139too Fast Ethernet driver 0.9.28
[   18.477071] FDC 0 is a S82078B
[   18.815962] usbcore: registered new interface driver hiddev
[   18.852361] input: QEMU 1.0 QEMU USB Tablet as /devices/pci0000:00/0000:00:01.2/usb1/1-1/1-1:1.0/input/input3
[   18.852575] generic-usb 0003:0627:0001.0001: input,hidraw0: USB HID v0.01 Pointer [QEMU 1.0 QEMU USB Tablet] on usb-0000:00:01.2-1/input0
[   18.852762] usbcore: registered new interface driver usbhid
[   18.852765] usbhid: USB HID core driver
[   18.868635] EXT4-fs (sda2): mounted filesystem with ordered data mode. Opts: (null)
[   26.915248] udev[540]: starting version 163
[   26.961834] Adding 239612k swap on /dev/sda3.  Priority:-1 extents:1 across:239612k 
[   27.018643] lp: driver loaded but no devices found
[   27.167836] piix4_smbus 0000:00:01.3: Host SMBus controller not enabled!
[   36.543719] parport_pc 00:0b: reported by Plug and Play ACPI
[   36.544410] parport0: PC-style at 0x378, irq 7 [PCSPP,TRISTATE]
[   45.587535] ata2: lost interrupt (Status 0x58)
[   45.590015] ata2: drained 65536 bytes to clear DRQ.
[   46.986774] ata2.00: exception Emask 0x0 SAct 0x0 SErr 0x0 action 0x6 frozen
[   47.152550] sr 1:0:0:0: [sr0] CDB: Inquiry: 12 00 00 00 fe 00
[   47.152559] ata2.00: cmd a0/01:00:00:fe:00/00:00:00:00:00/a0 tag 0 dma 16640 in
[   47.152560]          res 40/00:03:00:00:00/00:00:00:00:00/a0 Emask 0x4 (timeout)
[   47.499705] ata2.00: status: { DRDY }
[   47.585860] ata2: soft resetting link
[   47.588917] EXT4-fs (sda2): re-mounted. Opts: errors=remount-ro
[   47.613948] input: ImExPS/2 Generic Explorer Mouse as /devices/platform/i8042/serio1/input/input4
[   47.623446] udev[568]: renamed network interface eth0 to eth14
[   47.625075] ppdev: user-space parallel port driver
[   47.644429] lp0: using parport0 (interrupt-driven).
[   47.677994] type=1400 audit(1341356964.377:2): apparmor="STATUS" operation="profile_load" name="/sbin/dhclient3" pid=1006 comm="apparmor_parser"
[   47.678494] type=1400 audit(1341356964.377:3): apparmor="STATUS" operation="profile_load" name="/usr/lib/NetworkManager/nm-dhcp-client.action" pid=1006 comm="apparmor_parser"
[   47.678755] type=1400 audit(1341356964.377:4): apparmor="STATUS" operation="profile_load" name="/usr/lib/connman/scripts/dhclient-script" pid=1006 comm="apparmor_parser"
[   56.504744] ata2.00: configured for MWDMA2
[   56.505379] ata2: EH complete
[   56.794100] eth14: link up, 100Mbps, full-duplex, lpa 0x05E1
[   56.809217] type=1400 audit(1341356973.507:5): apparmor="STATUS" operation="profile_load" name="/usr/share/gdm/guest-session/Xsession" pid=1270 comm="apparmor_parser"
[   56.822163] type=1400 audit(1341356973.527:6): apparmor="STATUS" operation="profile_replace" name="/sbin/dhclient3" pid=1272 comm="apparmor_parser"
[   56.822642] type=1400 audit(1341356973.527:7): apparmor="STATUS" operation="profile_replace" name="/usr/lib/NetworkManager/nm-dhcp-client.action" pid=1272 comm="apparmor_parser"
[   56.822903] type=1400 audit(1341356973.527:8): apparmor="STATUS" operation="profile_replace" name="/usr/lib/connman/scripts/dhclient-script" pid=1272 comm="apparmor_parser"
[   56.845789] type=1400 audit(1341356973.547:9): apparmor="STATUS" operation="profile_load" name="/usr/bin/evince" pid=1275 comm="apparmor_parser"
[   56.902403] type=1400 audit(1341356973.607:10): apparmor="STATUS" operation="profile_load" name="/usr/bin/evince-previewer" pid=1275 comm="apparmor_parser"
[   56.906756] type=1400 audit(1341356973.607:11): apparmor="STATUS" operation="profile_load" name="/usr/bin/evince-thumbnailer" pid=1275 comm="apparmor_parser"
[   56.920964] type=1400 audit(1341356973.627:12): apparmor="STATUS" operation="profile_load" name="/usr/lib/cups/backend/cups-pdf" pid=1287 comm="apparmor_parser"
[   56.921554] type=1400 audit(1341356973.627:13): apparmor="STATUS" operation="profile_load" name="/usr/sbin/cupsd" pid=1287 comm="apparmor_parser"
[   56.923348] type=1400 audit(1341356973.627:14): apparmor="STATUS" operation="profile_load" name="/usr/sbin/tcpdump" pid=1288 comm="apparmor_parser"
[   57.118665] mtrr: no MTRR for f0000000,100000 found
[   57.794769] EXT4-fs (sda2): re-mounted. Opts: errors=remount-ro,commit=0
[   58.809864] EXT4-fs (sda2): re-mounted. Opts: errors=remount-ro,commit=0
[   67.360146] eth14: no IPv6 routers present
